{
  "belief": {
    "belief_id": "understanding-belief",
    "features": [
      "ANOMALY_confidence",
      "ANOMALY_signal",
      "HOW_confidence",
      "HOW_signal",
      "WHAT_confidence",
      "WHAT_signal",
      "WHEN_confidence",
      "WHEN_signal",
      "WHY_confidence",
      "WHY_signal",
      "integrated_confidence",
      "integrated_strength"
    ],
    "generated_at": "<dynamic>",
    "lineage": {
      "dimension": "UNDERSTANDING_BELIEF",
      "generated_at": "<dynamic>",
      "inputs": {
        "sensory_lineage": {
          "dimension": "SENSORY_FUSION",
          "generated_at": "<dynamic>",
          "inputs": {
            "sequence": 1,
            "symbol": "EURUSD"
          },
          "metadata": {},
          "outputs": {
            "confidence": 0.78,
            "strength": 0.42
          },
          "source": "tests.sensory.synthetic",
          "telemetry": {}
        }
      },
      "metadata": {
        "feature_order": [
          "ANOMALY_confidence",
          "ANOMALY_signal",
          "HOW_confidence",
          "HOW_signal",
          "WHAT_confidence",
          "WHAT_signal",
          "WHEN_confidence",
          "WHEN_signal",
          "WHY_confidence",
          "WHY_signal",
          "integrated_confidence",
          "integrated_strength"
        ],
        "regime_hint": "balanced",
        "symbol": "EURUSD"
      },
      "outputs": {
        "posterior_confidence": 0.78,
        "posterior_strength": 0.42
      },
      "source": "understanding.belief_buffer",
      "telemetry": {}
    },
    "metadata": {
      "decay": 0.05,
      "learning_rate": 0.2,
      "regime_hint": "balanced"
    },
    "posterior": {
      "confidence": 0.78,
      "covariance": [
        [
          0.038159798000000064,
          -0.008805887999999996,
          0.04088447999999999,
          0.002935295999999999,
          0.046335743999999984,
          0.011741183999999997,
          0.04361011199999999,
          0.005870591999999998,
          0.04906137599999999,
          0.01761177599999999,
          0.05451263999999998,
          0.029352959999999987
        ],
        [
          -0.008805887999999996,
          0.002033078000000014,
          -0.00943488000000001,
          -0.0006773759999999985,
          -0.010692863999999967,
          -0.002709504000000001,
          -0.010063871999999974,
          -0.001354751999999997,
          -0.011321856000000016,
          -0.004064255999999991,
          -0.012579839999999985,
          -0.0067737600000000045
        ],
        [
          0.04088447999999999,
          -0.009434880000000008,
          0.043805749999999984,
          0.0031449599999999983,
          0.049645439999999964,
          0.012579839999999995,
          0.046725119999999974,
          0.006289919999999997,
          0.05256575999999998,
          0.018869759999999985,
          0.058406399999999956,
          0.03144959999999998
        ],
        [
          0.0029352959999999996,
          -0.0006773759999999985,
          0.0031449599999999983,
          0.00022674199999999983,
          0.003564287999999997,
          0.0009031679999999994,
          0.003354623999999998,
          0.00045158399999999967,
          0.0037739519999999984,
          0.001354751999999999,
          0.004193279999999996,
          0.0022579199999999988
        ],
        [
          0.04633574399999999,
          -0.010692863999999969,
          0.04964543999999997,
          0.0035642879999999975,
          0.05626578199999995,
          0.014257151999999992,
          0.05295513599999996,
          0.007128575999999995,
          0.05957452799999997,
          0.02138572799999998,
          0.06619391999999995,
          0.035642879999999974
        ],
        [
          0.011741183999999998,
          -0.002709504000000001,
          0.012579839999999997,
          0.0009031679999999994,
          0.014257151999999992,
          0.003613621999999998,
          0.013418495999999995,
          0.001806335999999999,
          0.015095807999999997,
          0.005419007999999997,
          0.01677311999999999,
          0.009031679999999997
        ],
        [
          0.043610112,
          -0.010063871999999974,
          0.04672511999999998,
          0.0033546239999999983,
          0.05295513599999996,
          0.013418495999999995,
          0.04984107799999997,
          0.006709247999999997,
          0.05607014399999998,
          0.020127743999999986,
          0.062300159999999966,
          0.033546239999999984
        ],
        [
          0.005870591999999999,
          -0.001354751999999997,
          0.006289919999999997,
          0.00045158399999999967,
          0.007128575999999994,
          0.0018063359999999989,
          0.006709247999999996,
          0.0009041179999999993,
          0.007547903999999997,
          0.002709503999999998,
          0.008386559999999993,
          0.0045158399999999975
        ],
        [
          0.04906137599999998,
          -0.011321856000000016,
          0.05256575999999998,
          0.003773951999999998,
          0.05957452799999996,
          0.015095807999999995,
          0.056070143999999975,
          0.007547903999999996,
          0.06307986199999999,
          0.022643711999999986,
          0.07008767999999996,
          0.037739519999999985
        ],
        [
          0.017611775999999992,
          -0.004064255999999991,
          0.018869759999999985,
          0.001354751999999999,
          0.02138572799999998,
          0.005419007999999997,
          0.020127743999999982,
          0.002709503999999998,
          0.02264371199999999,
          0.008129461999999992,
          0.02515967999999998,
          0.013547519999999992
        ],
        [
          0.05451263999999998,
          -0.012579839999999985,
          0.058406399999999956,
          0.004193279999999996,
          0.06619391999999995,
          0.01677311999999999,
          0.06230015999999996,
          0.008386559999999993,
          0.07008767999999996,
          0.025159679999999976,
          0.07787614999999992,
          0.04193279999999997
        ],
        [
          0.02935295999999999,
          -0.006773760000000005,
          0.03144959999999999,
          0.0022579199999999988,
          0.035642879999999974,
          0.009031679999999997,
          0.033546239999999984,
          0.0045158399999999975,
          0.03773951999999999,
          0.013547519999999992,
          0.04193279999999997,
          0.02258014999999999
        ]
      ],
      "decay": 0.05,
      "mean": [
        0.10919999999999999,
        -0.0252,
        0.11699999999999999,
        0.008400000000000001,
        0.13260000000000002,
        0.033600000000000005,
        0.12480000000000002,
        0.016800000000000002,
        0.14040000000000002,
        0.0504,
        0.15600000000000003,
        0.084
      ],
      "strength": 0.42,
      "support": 1
    },
    "prior": {
      "confidence": 0.78,
      "covariance": [
        [
          1e-06,
          0.0,
          0.0,
          0.0,
          0.0,
          0.0,
          0.0,
          0.0,
          0.0,
          0.0,
          0.0,
          0.0
        ],
        [
          0.0,
          1e-06,
          0.0,
          0.0,
          0.0,
          0.0,
          0.0,
          0.0,
          0.0,
          0.0,
          0.0,
          0.0
        ],
        [
          0.0,
          0.0,
          1e-06,
          0.0,
          0.0,
          0.0,
          0.0,
          0.0,
          0.0,
          0.0,
          0.0,
          0.0
        ],
        [
          0.0,
          0.0,
          0.0,
          1e-06,
          0.0,
          0.0,
          0.0,
          0.0,
          0.0,
          0.0,
          0.0,
          0.0
        ],
        [
          0.0,
          0.0,
          0.0,
          0.0,
          1e-06,
          0.0,
          0.0,
          0.0,
          0.0,
          0.0,
          0.0,
          0.0
        ],
        [
          0.0,
          0.0,
          0.0,
          0.0,
          0.0,
          1e-06,
          0.0,
          0.0,
          0.0,
          0.0,
          0.0,
          0.0
        ],
        [
          0.0,
          0.0,
          0.0,
          0.0,
          0.0,
          0.0,
          1e-06,
          0.0,
          0.0,
          0.0,
          0.0,
          0.0
        ],
        [
          0.0,
          0.0,
          0.0,
          0.0,
          0.0,
          0.0,
          0.0,
          1e-06,
          0.0,
          0.0,
          0.0,
          0.0
        ],
        [
          0.0,
          0.0,
          0.0,
          0.0,
          0.0,
          0.0,
          0.0,
          0.0,
          1e-06,
          0.0,
          0.0,
          0.0
        ],
        [
          0.0,
          0.0,
          0.0,
          0.0,
          0.0,
          0.0,
          0.0,
          0.0,
          0.0,
          1e-06,
          0.0,
          0.0
        ],
        [
          0.0,
          0.0,
          0.0,
          0.0,
          0.0,
          0.0,
          0.0,
          0.0,
          0.0,
          0.0,
          1e-06,
          0.0
        ],
        [
          0.0,
          0.0,
          0.0,
          0.0,
          0.0,
          0.0,
          0.0,
          0.0,
          0.0,
          0.0,
          0.0,
          1e-06
        ]
      ],
      "decay": 0.05,
      "mean": [
        0.0,
        0.0,
        0.0,
        0.0,
        0.0,
        0.0,
        0.0,
        0.0,
        0.0,
        0.0,
        0.0,
        0.0
      ],
      "strength": 0.42,
      "support": 0
    },
    "symbol": "EURUSD",
    "version": "1.0"
  },
  "regime": {
    "confidence": 0.88,
    "features": {
      "ANOMALY_confidence": 0.10919999999999999,
      "ANOMALY_signal": -0.0252,
      "HOW_confidence": 0.11699999999999999,
      "HOW_signal": 0.008400000000000001,
      "WHAT_confidence": 0.13260000000000002,
      "WHAT_signal": 0.033600000000000005,
      "WHEN_confidence": 0.12480000000000002,
      "WHEN_signal": 0.016800000000000002,
      "WHY_confidence": 0.14040000000000002,
      "WHY_signal": 0.0504,
      "integrated_confidence": 0.15600000000000003,
      "integrated_strength": 0.084
    },
    "lineage": {
      "dimension": "UNDERSTANDING_REGIME",
      "generated_at": "<dynamic>",
      "inputs": {
        "belief": {
          "belief_id": "understanding-belief",
          "features": [
            "ANOMALY_confidence",
            "ANOMALY_signal",
            "HOW_confidence",
            "HOW_signal",
            "WHAT_confidence",
            "WHAT_signal",
            "WHEN_confidence",
            "WHEN_signal",
            "WHY_confidence",
            "WHY_signal",
            "integrated_confidence",
            "integrated_strength"
          ],
          "generated_at": "<dynamic>",
          "lineage": {
            "dimension": "UNDERSTANDING_BELIEF",
            "generated_at": "<dynamic>",
            "inputs": {
              "sensory_lineage": {
                "dimension": "SENSORY_FUSION",
                "generated_at": "<dynamic>",
                "inputs": {
                  "sequence": 1,
                  "symbol": "EURUSD"
                },
                "metadata": {},
                "outputs": {
                  "confidence": 0.78,
                  "strength": 0.42
                },
                "source": "tests.sensory.synthetic",
                "telemetry": {}
              }
            },
            "metadata": {
              "feature_order": [
                "ANOMALY_confidence",
                "ANOMALY_signal",
                "HOW_confidence",
                "HOW_signal",
                "WHAT_confidence",
                "WHAT_signal",
                "WHEN_confidence",
                "WHEN_signal",
                "WHY_confidence",
                "WHY_signal",
                "integrated_confidence",
                "integrated_strength"
              ],
              "regime_hint": "balanced",
              "symbol": "EURUSD"
            },
            "outputs": {
              "posterior_confidence": 0.78,
              "posterior_strength": 0.42
            },
            "source": "understanding.belief_buffer",
            "telemetry": {}
          },
          "metadata": {
            "decay": 0.05,
            "learning_rate": 0.2,
            "regime_hint": "balanced"
          },
          "posterior": {
            "confidence": 0.78,
            "covariance": [
              [
                0.038159798000000064,
                -0.008805887999999996,
                0.04088447999999999,
                0.002935295999999999,
                0.046335743999999984,
                0.011741183999999997,
                0.04361011199999999,
                0.005870591999999998,
                0.04906137599999999,
                0.01761177599999999,
                0.05451263999999998,
                0.029352959999999987
              ],
              [
                -0.008805887999999996,
                0.002033078000000014,
                -0.00943488000000001,
                -0.0006773759999999985,
                -0.010692863999999967,
                -0.002709504000000001,
                -0.010063871999999974,
                -0.001354751999999997,
                -0.011321856000000016,
                -0.004064255999999991,
                -0.012579839999999985,
                -0.0067737600000000045
              ],
              [
                0.04088447999999999,
                -0.009434880000000008,
                0.043805749999999984,
                0.0031449599999999983,
                0.049645439999999964,
                0.012579839999999995,
                0.046725119999999974,
                0.006289919999999997,
                0.05256575999999998,
                0.018869759999999985,
                0.058406399999999956,
                0.03144959999999998
              ],
              [
                0.0029352959999999996,
                -0.0006773759999999985,
                0.0031449599999999983,
                0.00022674199999999983,
                0.003564287999999997,
                0.0009031679999999994,
                0.003354623999999998,
                0.00045158399999999967,
                0.0037739519999999984,
                0.001354751999999999,
                0.004193279999999996,
                0.0022579199999999988
              ],
              [
                0.04633574399999999,
                -0.010692863999999969,
                0.04964543999999997,
                0.0035642879999999975,
                0.05626578199999995,
                0.014257151999999992,
                0.05295513599999996,
                0.007128575999999995,
                0.05957452799999997,
                0.02138572799999998,
                0.06619391999999995,
                0.035642879999999974
              ],
              [
                0.011741183999999998,
                -0.002709504000000001,
                0.012579839999999997,
                0.0009031679999999994,
                0.014257151999999992,
                0.003613621999999998,
                0.013418495999999995,
                0.001806335999999999,
                0.015095807999999997,
                0.005419007999999997,
                0.01677311999999999,
                0.009031679999999997
              ],
              [
                0.043610112,
                -0.010063871999999974,
                0.04672511999999998,
                0.0033546239999999983,
                0.05295513599999996,
                0.013418495999999995,
                0.04984107799999997,
                0.006709247999999997,
                0.05607014399999998,
                0.020127743999999986,
                0.062300159999999966,
                0.033546239999999984
              ],
              [
                0.005870591999999999,
                -0.001354751999999997,
                0.006289919999999997,
                0.00045158399999999967,
                0.007128575999999994,
                0.0018063359999999989,
                0.006709247999999996,
                0.0009041179999999993,
                0.007547903999999997,
                0.002709503999999998,
                0.008386559999999993,
                0.0045158399999999975
              ],
              [
                0.04906137599999998,
                -0.011321856000000016,
                0.05256575999999998,
                0.003773951999999998,
                0.05957452799999996,
                0.015095807999999995,
                0.056070143999999975,
                0.007547903999999996,
                0.06307986199999999,
                0.022643711999999986,
                0.07008767999999996,
                0.037739519999999985
              ],
              [
                0.017611775999999992,
                -0.004064255999999991,
                0.018869759999999985,
                0.001354751999999999,
                0.02138572799999998,
                0.005419007999999997,
                0.020127743999999982,
                0.002709503999999998,
                0.02264371199999999,
                0.008129461999999992,
                0.02515967999999998,
                0.013547519999999992
              ],
              [
                0.05451263999999998,
                -0.012579839999999985,
                0.058406399999999956,
                0.004193279999999996,
                0.06619391999999995,
                0.01677311999999999,
                0.06230015999999996,
                0.008386559999999993,
                0.07008767999999996,
                0.025159679999999976,
                0.07787614999999992,
                0.04193279999999997
              ],
              [
                0.02935295999999999,
                -0.006773760000000005,
                0.03144959999999999,
                0.0022579199999999988,
                0.035642879999999974,
                0.009031679999999997,
                0.033546239999999984,
                0.0045158399999999975,
                0.03773951999999999,
                0.013547519999999992,
                0.04193279999999997,
                0.02258014999999999
              ]
            ],
            "decay": 0.05,
            "mean": [
              0.10919999999999999,
              -0.0252,
              0.11699999999999999,
              0.008400000000000001,
              0.13260000000000002,
              0.033600000000000005,
              0.12480000000000002,
              0.016800000000000002,
              0.14040000000000002,
              0.0504,
              0.15600000000000003,
              0.084
            ],
            "strength": 0.42,
            "support": 1
          },
          "prior": {
            "confidence": 0.78,
            "covariance": [
              [
                1e-06,
                0.0,
                0.0,
                0.0,
                0.0,
                0.0,
                0.0,
                0.0,
                0.0,
                0.0,
                0.0,
                0.0
              ],
              [
                0.0,
                1e-06,
                0.0,
                0.0,
                0.0,
                0.0,
                0.0,
                0.0,
                0.0,
                0.0,
                0.0,
                0.0
              ],
              [
                0.0,
                0.0,
                1e-06,
                0.0,
                0.0,
                0.0,
                0.0,
                0.0,
                0.0,
                0.0,
                0.0,
                0.0
              ],
              [
                0.0,
                0.0,
                0.0,
                1e-06,
                0.0,
                0.0,
                0.0,
                0.0,
                0.0,
                0.0,
                0.0,
                0.0
              ],
              [
                0.0,
                0.0,
                0.0,
                0.0,
                1e-06,
                0.0,
                0.0,
                0.0,
                0.0,
                0.0,
                0.0,
                0.0
              ],
              [
                0.0,
                0.0,
                0.0,
                0.0,
                0.0,
                1e-06,
                0.0,
                0.0,
                0.0,
                0.0,
                0.0,
                0.0
              ],
              [
                0.0,
                0.0,
                0.0,
                0.0,
                0.0,
                0.0,
                1e-06,
                0.0,
                0.0,
                0.0,
                0.0,
                0.0
              ],
              [
                0.0,
                0.0,
                0.0,
                0.0,
                0.0,
                0.0,
                0.0,
                1e-06,
                0.0,
                0.0,
                0.0,
                0.0
              ],
              [
                0.0,
                0.0,
                0.0,
                0.0,
                0.0,
                0.0,
                0.0,
                0.0,
                1e-06,
                0.0,
                0.0,
                0.0
              ],
              [
                0.0,
                0.0,
                0.0,
                0.0,
                0.0,
                0.0,
                0.0,
                0.0,
                0.0,
                1e-06,
                0.0,
                0.0
              ],
              [
                0.0,
                0.0,
                0.0,
                0.0,
                0.0,
                0.0,
                0.0,
                0.0,
                0.0,
                0.0,
                1e-06,
                0.0
              ],
              [
                0.0,
                0.0,
                0.0,
                0.0,
                0.0,
                0.0,
                0.0,
                0.0,
                0.0,
                0.0,
                0.0,
                1e-06
              ]
            ],
            "decay": 0.05,
            "mean": [
              0.0,
              0.0,
              0.0,
              0.0,
              0.0,
              0.0,
              0.0,
              0.0,
              0.0,
              0.0,
              0.0,
              0.0
            ],
            "strength": 0.42,
            "support": 0
          },
          "symbol": "EURUSD",
          "version": "1.0"
        }
      },
      "metadata": {},
      "outputs": {
        "confidence": 0.88,
        "regime": "bullish"
      },
      "source": "understanding.regime_fsm",
      "telemetry": {}
    },
    "metadata": {
      "bearish_threshold": -0.25,
      "bullish_threshold": 0.25
    },
    "regime": "bullish",
    "signal_id": "understanding-regime",
    "timestamp": "<dynamic>"
  }
}