{
  "belief": {
    "belief_id": "understanding-belief",
    "version": "1.0",
    "symbol": "EURUSD",
    "generated_at": "<dynamic>",
    "features": [
      "ANOMALY_confidence",
      "ANOMALY_flag",
      "ANOMALY_signal",
      "ANOMALY_z_score",
      "HOW_confidence",
      "HOW_imbalance",
      "HOW_liquidity",
      "HOW_participation",
      "HOW_signal",
      "HOW_volatility",
      "HOW_volatility_drag",
      "WHAT_confidence",
      "WHAT_last_close",
      "WHAT_signal",
      "WHEN_confidence",
      "WHEN_gamma",
      "WHEN_news",
      "WHEN_session",
      "WHEN_signal",
      "WHY_confidence",
      "WHY_narrative_sentiment",
      "WHY_signal",
      "integrated_confidence",
      "integrated_strength"
    ],
    "prior": {
      "mean": [
        0.0,
        0.0,
        0.0,
        0.0,
        0.0,
        0.0,
        0.0,
        0.0,
        0.0,
        0.0,
        0.0,
        0.0,
        0.0,
        0.0,
        0.0,
        0.0,
        0.0,
        0.0,
        0.0,
        0.0,
        0.0,
        0.0,
        0.0,
        0.0
      ],
      "covariance": [
        [
          1e-06,
          0.0,
          0.0,
          0.0,
          0.0,
          0.0,
          0.0,
          0.0,
          0.0,
          0.0,
          0.0,
          0.0,
          0.0,
          0.0,
          0.0,
          0.0,
          0.0,
          0.0,
          0.0,
          0.0,
          0.0,
          0.0,
          0.0,
          0.0
        ],
        [
          0.0,
          1e-06,
          0.0,
          0.0,
          0.0,
          0.0,
          0.0,
          0.0,
          0.0,
          0.0,
          0.0,
          0.0,
          0.0,
          0.0,
          0.0,
          0.0,
          0.0,
          0.0,
          0.0,
          0.0,
          0.0,
          0.0,
          0.0,
          0.0
        ],
        [
          0.0,
          0.0,
          1e-06,
          0.0,
          0.0,
          0.0,
          0.0,
          0.0,
          0.0,
          0.0,
          0.0,
          0.0,
          0.0,
          0.0,
          0.0,
          0.0,
          0.0,
          0.0,
          0.0,
          0.0,
          0.0,
          0.0,
          0.0,
          0.0
        ],
        [
          0.0,
          0.0,
          0.0,
          1e-06,
          0.0,
          0.0,
          0.0,
          0.0,
          0.0,
          0.0,
          0.0,
          0.0,
          0.0,
          0.0,
          0.0,
          0.0,
          0.0,
          0.0,
          0.0,
          0.0,
          0.0,
          0.0,
          0.0,
          0.0
        ],
        [
          0.0,
          0.0,
          0.0,
          0.0,
          1e-06,
          0.0,
          0.0,
          0.0,
          0.0,
          0.0,
          0.0,
          0.0,
          0.0,
          0.0,
          0.0,
          0.0,
          0.0,
          0.0,
          0.0,
          0.0,
          0.0,
          0.0,
          0.0,
          0.0
        ],
        [
          0.0,
          0.0,
          0.0,
          0.0,
          0.0,
          1e-06,
          0.0,
          0.0,
          0.0,
          0.0,
          0.0,
          0.0,
          0.0,
          0.0,
          0.0,
          0.0,
          0.0,
          0.0,
          0.0,
          0.0,
          0.0,
          0.0,
          0.0,
          0.0
        ],
        [
          0.0,
          0.0,
          0.0,
          0.0,
          0.0,
          0.0,
          1e-06,
          0.0,
          0.0,
          0.0,
          0.0,
          0.0,
          0.0,
          0.0,
          0.0,
          0.0,
          0.0,
          0.0,
          0.0,
          0.0,
          0.0,
          0.0,
          0.0,
          0.0
        ],
        [
          0.0,
          0.0,
          0.0,
          0.0,
          0.0,
          0.0,
          0.0,
          1e-06,
          0.0,
          0.0,
          0.0,
          0.0,
          0.0,
          0.0,
          0.0,
          0.0,
          0.0,
          0.0,
          0.0,
          0.0,
          0.0,
          0.0,
          0.0,
          0.0
        ],
        [
          0.0,
          0.0,
          0.0,
          0.0,
          0.0,
          0.0,
          0.0,
          0.0,
          1e-06,
          0.0,
          0.0,
          0.0,
          0.0,
          0.0,
          0.0,
          0.0,
          0.0,
          0.0,
          0.0,
          0.0,
          0.0,
          0.0,
          0.0,
          0.0
        ],
        [
          0.0,
          0.0,
          0.0,
          0.0,
          0.0,
          0.0,
          0.0,
          0.0,
          0.0,
          1e-06,
          0.0,
          0.0,
          0.0,
          0.0,
          0.0,
          0.0,
          0.0,
          0.0,
          0.0,
          0.0,
          0.0,
          0.0,
          0.0,
          0.0
        ],
        [
          0.0,
          0.0,
          0.0,
          0.0,
          0.0,
          0.0,
          0.0,
          0.0,
          0.0,
          0.0,
          1e-06,
          0.0,
          0.0,
          0.0,
          0.0,
          0.0,
          0.0,
          0.0,
          0.0,
          0.0,
          0.0,
          0.0,
          0.0,
          0.0
        ],
        [
          0.0,
          0.0,
          0.0,
          0.0,
          0.0,
          0.0,
          0.0,
          0.0,
          0.0,
          0.0,
          0.0,
          1e-06,
          0.0,
          0.0,
          0.0,
          0.0,
          0.0,
          0.0,
          0.0,
          0.0,
          0.0,
          0.0,
          0.0,
          0.0
        ],
        [
          0.0,
          0.0,
          0.0,
          0.0,
          0.0,
          0.0,
          0.0,
          0.0,
          0.0,
          0.0,
          0.0,
          0.0,
          1e-06,
          0.0,
          0.0,
          0.0,
          0.0,
          0.0,
          0.0,
          0.0,
          0.0,
          0.0,
          0.0,
          0.0
        ],
        [
          0.0,
          0.0,
          0.0,
          0.0,
          0.0,
          0.0,
          0.0,
          0.0,
          0.0,
          0.0,
          0.0,
          0.0,
          0.0,
          1e-06,
          0.0,
          0.0,
          0.0,
          0.0,
          0.0,
          0.0,
          0.0,
          0.0,
          0.0,
          0.0
        ],
        [
          0.0,
          0.0,
          0.0,
          0.0,
          0.0,
          0.0,
          0.0,
          0.0,
          0.0,
          0.0,
          0.0,
          0.0,
          0.0,
          0.0,
          1e-06,
          0.0,
          0.0,
          0.0,
          0.0,
          0.0,
          0.0,
          0.0,
          0.0,
          0.0
        ],
        [
          0.0,
          0.0,
          0.0,
          0.0,
          0.0,
          0.0,
          0.0,
          0.0,
          0.0,
          0.0,
          0.0,
          0.0,
          0.0,
          0.0,
          0.0,
          1e-06,
          0.0,
          0.0,
          0.0,
          0.0,
          0.0,
          0.0,
          0.0,
          0.0
        ],
        [
          0.0,
          0.0,
          0.0,
          0.0,
          0.0,
          0.0,
          0.0,
          0.0,
          0.0,
          0.0,
          0.0,
          0.0,
          0.0,
          0.0,
          0.0,
          0.0,
          1e-06,
          0.0,
          0.0,
          0.0,
          0.0,
          0.0,
          0.0,
          0.0
        ],
        [
          0.0,
          0.0,
          0.0,
          0.0,
          0.0,
          0.0,
          0.0,
          0.0,
          0.0,
          0.0,
          0.0,
          0.0,
          0.0,
          0.0,
          0.0,
          0.0,
          0.0,
          1e-06,
          0.0,
          0.0,
          0.0,
          0.0,
          0.0,
          0.0
        ],
        [
          0.0,
          0.0,
          0.0,
          0.0,
          0.0,
          0.0,
          0.0,
          0.0,
          0.0,
          0.0,
          0.0,
          0.0,
          0.0,
          0.0,
          0.0,
          0.0,
          0.0,
          0.0,
          1e-06,
          0.0,
          0.0,
          0.0,
          0.0,
          0.0
        ],
        [
          0.0,
          0.0,
          0.0,
          0.0,
          0.0,
          0.0,
          0.0,
          0.0,
          0.0,
          0.0,
          0.0,
          0.0,
          0.0,
          0.0,
          0.0,
          0.0,
          0.0,
          0.0,
          0.0,
          1e-06,
          0.0,
          0.0,
          0.0,
          0.0
        ],
        [
          0.0,
          0.0,
          0.0,
          0.0,
          0.0,
          0.0,
          0.0,
          0.0,
          0.0,
          0.0,
          0.0,
          0.0,
          0.0,
          0.0,
          0.0,
          0.0,
          0.0,
          0.0,
          0.0,
          0.0,
          1e-06,
          0.0,
          0.0,
          0.0
        ],
        [
          0.0,
          0.0,
          0.0,
          0.0,
          0.0,
          0.0,
          0.0,
          0.0,
          0.0,
          0.0,
          0.0,
          0.0,
          0.0,
          0.0,
          0.0,
          0.0,
          0.0,
          0.0,
          0.0,
          0.0,
          0.0,
          1e-06,
          0.0,
          0.0
        ],
        [
          0.0,
          0.0,
          0.0,
          0.0,
          0.0,
          0.0,
          0.0,
          0.0,
          0.0,
          0.0,
          0.0,
          0.0,
          0.0,
          0.0,
          0.0,
          0.0,
          0.0,
          0.0,
          0.0,
          0.0,
          0.0,
          0.0,
          1e-06,
          0.0
        ],
        [
          0.0,
          0.0,
          0.0,
          0.0,
          0.0,
          0.0,
          0.0,
          0.0,
          0.0,
          0.0,
          0.0,
          0.0,
          0.0,
          0.0,
          0.0,
          0.0,
          0.0,
          0.0,
          0.0,
          0.0,
          0.0,
          0.0,
          0.0,
          1e-06
        ]
      ],
      "strength": 0.42,
      "confidence": 0.78,
      "support": 0,
      "decay": 0.05
    },
    "posterior": {
      "mean": [
        0.10919999999999999,
        0.0,
        0.0252,
        0.1008,
        0.11699999999999999,
        0.0,
        0.0,
        0.0,
        0.008400000000000001,
        0.0,
        0.0,
        0.13260000000000002,
        0.0,
        0.033600000000000005,
        0.12480000000000002,
        0.0,
        0.0,
        0.0,
        0.016800000000000002,
        0.14040000000000002,
        0.0,
        0.0504,
        0.15600000000000003,
        0.084
      ],
      "covariance": [
        [
          0.03815979799999999,
          -8.828833030530712e-18,
          0.008805888000000001,
          0.035223552000000005,
          0.04088448000000001,
          2.5972702240538734e-23,
          7.82259427657219e-24,
          3.9493289761000324e-26,
          0.0029352960000000013,
          3.789857464340012e-24,
          -1.540041223723122e-24,
          0.046335744000000005,
          -3.4500318359281895e-25,
          0.011741184000000005,
          0.04361011200000002,
          2.0291822848550502e-26,
          2.4522122749561877e-26,
          3.2273760322703986e-26,
          0.005870592000000002,
          0.049061376000000025,
          -8.427674045575896e-27,
          0.017611776000000003,
          0.05451264000000001,
          0.029352960000000004
        ],
        [
          -8.82889242521307e-18,
          9.500000000170998e-07,
          7.730856542221899e-18,
          3.1053538316914246e-17,
          3.956220826043139e-17,
          5.0504520069801474e-23,
          -1.690339970241421e-23,
          -6.926649046975809e-24,
          1.6667963136895807e-18,
          -6.365533075035649e-24,
          -1.5138757007536702e-24,
          1.1933529126143415e-17,
          9.223904552728028e-25,
          6.4711686259264154e-18,
          3.443995492792222e-17,
          1.8138796724229406e-24,
          -5.812753860515466e-25,
          4.615089960786498e-24,
          6.694335080859765e-18,
          4.510721921848929e-17,
          4.011277311349322e-24,
          1.5388387403197605e-17,
          6.181573947982772e-17,
          1.5719586592178245e-17
        ],
        [
          0.008805888000000001,
          7.730852233468464e-18,
          0.002033078000000001,
          0.008128512000000004,
          0.009434880000000005,
          -3.8623204093162376e-23,
          -9.96634349238486e-23,
          1.5184396560993474e-22,
          0.0006773760000000005,
          -1.5517226165454848e-22,
          -4.738647516934338e-22,
          0.010692864000000003,
          -6.360921603713052e-23,
          0.002709504000000002,
          0.010063872000000008,
          1.1663647658889147e-23,
          -1.1941875981880826e-22,
          1.004097028439171e-23,
          0.0013547520000000014,
          0.01132185600000001,
          5.480251606797609e-23,
          0.004064256000000002,
          0.01257984000000001,
          0.006773760000000004
        ],
        [
          0.035223552000000005,
          3.105352440793631e-17,
          0.008128512000000004,
          0.03251499800000002,
          0.03773952000000002,
          -1.0212505533921516e-22,
          -4.284576068869022e-23,
          -6.47906856295884e-23,
          0.002709504000000002,
          3.182147514466947e-23,
          4.060072252539239e-23,
          0.04277145600000001,
          1.5313432948410264e-23,
          0.010838016000000008,
          0.040255488000000034,
          1.6652941501508887e-23,
          -6.528693193727677e-24,
          -1.9417785772323178e-23,
          0.0054190080000000055,
          0.04528742400000004,
          1.2938625461684427e-23,
          0.01625702400000001,
          0.05031936000000004,
          0.027095040000000015
        ],
        [
          0.04088448000000001,
          3.95622072888979e-17,
          0.009434880000000005,
          0.03773952000000002,
          0.043805750000000025,
          -1.1268217858598778e-22,
          -7.660071614814162e-23,
          -1.5352115493111842e-22,
          0.003144960000000002,
          -6.829259228124969e-23,
          -1.066182645300202e-22,
          0.04964544000000002,
          -2.592973364799451e-23,
          0.012579840000000009,
          0.04672512000000004,
          -1.081587488649695e-23,
          -2.8202285440996953e-23,
          3.890666765827616e-23,
          0.006289920000000005,
          0.052565760000000045,
          5.399003276024717e-23,
          0.01886976000000001,
          0.05840640000000004,
          0.031449600000000015
        ],
        [
          2.597668065931727e-23,
          5.050252252015449e-23,
          -3.9092064596519057e-23,
          -1.021636888639557e-22,
          -1.1264171613507253e-22,
          9.500000000000003e-07,
          -1.8988295053648416e-22,
          -1.1855683301655109e-23,
          -1.3584111881022653e-23,
          -9.100287443844765e-23,
          1.613167387003582e-23,
          -2.880602347826881e-23,
          8.733818726350627e-23,
          1.4350877817859912e-22,
          -3.95038116252291e-22,
          -1.3271906924017298e-23,
          1.659166250636589e-22,
          8.664903867735184e-23,
          8.45563962210861e-23,
          2.666814084767311e-22,
          1.3221314719613796e-22,
          -9.792505565354699e-23,
          8.153950527617102e-23,
          2.7885535729032123e-22
        ],
        [
          7.822409758069447e-24,
          -1.6902996519432862e-23,
          -9.833881516996861e-23,
          -4.281042626214802e-23,
          -7.658309990125152e-23,
          -1.4191283255993305e-22,
          9.500000000000003e-07,
          3.2429924309382224e-23,
          -1.5905649226150504e-24,
          1.5406360265917307e-24,
          -2.1752715419163515e-23,
          1.8565224388935425e-23,
          1.5762669618095934e-22,
          -2.7454211473836786e-22,
          1.0579413388843514e-22,
          4.3391923281628925e-23,
          2.66292611673745e-23,
          2.0082017588942248e-23,
          8.948051315643507e-25,
          -3.042076498719014e-23,
          -3.869412722002422e-22,
          -1.8683412038925497e-23,
          7.510689764595745e-23,
          2.3802035267657702e-23
        ],
        [
          3.806616113770986e-26,
          -6.926657250177388e-24,
          1.5048397275722845e-22,
          -6.481682831997649e-23,
          -1.5350209792752746e-22,
          -3.522072874170878e-23,
          8.138293994647636e-24,
          9.499999999999997e-07,
          5.76057772029426e-23,
          -6.025597775477224e-23,
          1.1957869535180052e-22,
          4.7849220793043546e-23,
          1.758375727161653e-22,
          -2.248866695552164e-23,
          7.623043052018335e-25,
          -4.9598592921251647e-23,
          -3.1358473390843894e-22,
          3.088734792234788e-23,
          8.548637588271883e-23,
          1.2558775545542444e-22,
          7.892816937940994e-23,
          7.796793293166945e-23,
          2.011929547820134e-23,
          -1.387621191485419e-22
        ],
        [
          0.002935296000000001,
          1.6667960641856644e-18,
          0.0006773760000000005,
          0.002709504000000002,
          0.003144960000000002,
          -1.208663559291501e-23,
          -2.0207908910923757e-24,
          5.933166660233682e-23,
          0.00022674200000000015,
          -1.3678617081565662e-22,
          8.01237297032243e-23,
          0.0035642880000000014,
          4.162834942593931e-23,
          0.0009031680000000006,
          0.003354624000000003,
          -1.1212565153709952e-23,
          -1.7740935990286647e-24,
          -7.482397904908571e-23,
          0.00045158400000000037,
          0.0037739520000000036,
          1.672016711888975e-23,
          0.001354752000000001,
          0.004193280000000003,
          0.002257920000000001
        ],
        [
          3.788852478164383e-24,
          -6.366318077116852e-24,
          -1.538594317866359e-22,
          3.1908551049741367e-23,
          -6.801642610896524e-23,
          -9.699456498340529e-23,
          -2.3719414162449723e-23,
          -8.804973686324175e-23,
          -1.3636469650510692e-22,
          9.499999999999997e-07,
          4.8107549737849475e-23,
          -2.7395799438285874e-24,
          -1.3302450036827165e-22,
          -7.110169575937678e-23,
          -1.5427748805644902e-24,
          1.0373241245311011e-22,
          -1.2495673155441348e-22,
          -9.696368880303963e-23,
          1.5031307967691166e-22,
          -6.538430311119482e-24,
          -1.6622263948266616e-22,
          4.9995347995517884e-23,
          2.573928131743617e-23,
          5.104131211659163e-23
        ],
        [
          -1.537742669943916e-24,
          -1.5141722890989538e-24,
          -4.748307180878011e-22,
          4.062815816206787e-23,
          -1.0679677652605367e-22,
          -1.556657070628955e-23,
          3.820489749183593e-23,
          1.1189261873736117e-22,
          7.80028051357068e-23,
          4.206159255866989e-23,
          9.499999999999999e-07,
          -2.0883269836469806e-23,
          4.783177925432949e-23,
          2.0039539820937587e-22,
          8.454016023660181e-23,
          8.183491343812856e-23,
          9.387543884029032e-23,
          -2.878883008187579e-23,
          1.9558776757900645e-22,
          -4.396266253581852e-24,
          1.0190812609100504e-22,
          3.7006936344601403e-23,
          2.5274208232531352e-23,
          -3.64703284519345e-23
        ],
        [
          0.046335744000000005,
          1.1933571321614249e-17,
          0.010692864000000003,
          0.04277145600000001,
          0.04964544000000002,
          -2.8837414127534943e-23,
          1.855745152913961e-23,
          4.7832091353807753e-23,
          0.003564288000000002,
          -2.7245295000242897e-24,
          -2.09563489204552e-23,
          0.05626578200000001,
          5.1674122932397495e-24,
          0.014257152000000007,
          0.05295513600000003,
          1.576046305829607e-23,
          4.220169992505183e-24,
          2.4703268157387823e-24,
          0.0071285760000000045,
          0.059574528000000036,
          -4.170376345481873e-24,
          0.021385728000000007,
          0.06619392000000004,
          0.03564288
        ],
        [
          -3.458289454891433e-25,
          9.254199175593093e-25,
          -6.421378860049139e-23,
          1.534402506676509e-23,
          -2.602322883086277e-23,
          6.98421912301675e-23,
          1.7302296874691171e-22,
          2.140889072770479e-22,
          4.958251352517775e-23,
          -1.3145580264531192e-22,
          2.423577249111559e-23,
          5.11956383002227e-24,
          9.499999999999993e-07,
          3.180335179288919e-24,
          -4.384859552312995e-24,
          3.3569408597037044e-22,
          3.708117096866351e-22,
          7.410635716948377e-22,
          -5.381095801758257e-23,
          2.793830214959095e-23,
          -2.0398979903299082e-22,
          1.43793924440691e-23,
          6.3005034069608336e-24,
          -2.5359950134990928e-23
        ],
        [
          0.011741184000000003,
          6.4711702686287186e-18,
          0.002709504000000002,
          0.010838016000000008,
          0.012579840000000009,
          1.4338658613854376e-22,
          -2.7455110120490596e-22,
          -2.254010927228322e-23,
          0.0009031680000000006,
          -7.100716866753097e-23,
          2.0171446057786596e-22,
          0.014257152000000007,
          4.6751406749168355e-24,
          0.0036136220000000025,
          0.013418496000000012,
          -1.9937303955311642e-23,
          -2.178980429762612e-23,
          6.844415244336073e-25,
          0.0018063360000000015,
          0.015095808000000014,
          1.9619669115085502e-23,
          0.005419008000000004,
          0.016773120000000013,
          0.009031680000000004
        ],
        [
          0.04361011200000002,
          3.4439952113232106e-17,
          0.010063872000000007,
          0.040255488000000034,
          0.046725120000000044,
          -3.950832297185426e-22,
          1.0584477639876747e-22,
          7.412059970692842e-25,
          0.0033546240000000035,
          -1.5680674912563816e-24,
          8.493606681301296e-23,
          0.05295513600000003,
          -4.189015129555545e-24,
          0.013418496000000014,
          0.04984107800000005,
          -3.169075704930447e-23,
          1.672350229166351e-23,
          1.953230811396911e-24,
          0.006709248000000008,
          0.056070144000000065,
          -2.0035377125447275e-23,
          0.020127744000000013,
          0.06230016000000007,
          0.033546240000000026
        ],
        [
          1.726262442816837e-26,
          1.812603514213244e-24,
          1.2759762293659999e-23,
          1.6650956927375018e-23,
          -1.07653543413584e-23,
          -2.6322888409546807e-23,
          4.6942812911211256e-23,
          -7.021239065720587e-23,
          -7.906888972744929e-24,
          9.083427481786391e-23,
          7.407762009775165e-23,
          1.5756992795297148e-23,
          2.863508864531309e-22,
          -2.0054296741116255e-23,
          -3.172988692023212e-23,
          9.5e-07,
          3.9780681111221216e-22,
          -2.828012511586778e-22,
          -3.3715234178845997e-25,
          3.447924985810149e-23,
          2.2978983707988866e-22,
          -6.406317564237364e-24,
          -3.8576159295523886e-24,
          -2.408506436210177e-23
        ],
        [
          2.145475845366181e-26,
          -5.774656436637169e-25,
          -1.21666527538674e-22,
          -6.589682554787604e-24,
          -2.836590997060243e-23,
          1.7599991762497867e-22,
          2.989629680625877e-23,
          -3.284075883676357e-22,
          -3.2863900976362755e-24,
          -8.774561650400296e-23,
          8.495449126051708e-23,
          4.202348105047349e-24,
          3.766345683413942e-22,
          -2.1573938125469128e-23,
          1.6696060128720958e-23,
          4.424837638401326e-22,
          9.499999999999996e-07,
          2.0593641115246229e-22,
          -9.536417115169723e-25,
          2.217889378502974e-23,
          9.872832921047954e-24,
          4.3241860351251876e-23,
          7.339218995949418e-24,
          -1.4107936340426118e-23
        ],
        [
          2.791062210469575e-26,
          4.613280118235943e-24,
          1.1080824581753247e-23,
          -1.9400227409105714e-23,
          3.902068032000008e-23,
          9.474840393737292e-23,
          2.3276375817531803e-23,
          4.475986624815421e-23,
          -6.847992374823401e-23,
          -8.112749830984912e-23,
          -2.6063129951258165e-23,
          2.496804906761594e-24,
          6.25763708057653e-22,
          8.505347042315851e-25,
          1.9500769056745675e-24,
          -2.856512699431735e-22,
          1.9677950430755555e-22,
          9.499999999999995e-07,
          -3.432387111779376e-23,
          3.983834989880328e-24,
          9.891689605546513e-23,
          -1.7875509952773648e-23,
          -1.2416205143535126e-23,
          -7.979772660202896e-25
        ],
        [
          0.005870592000000002,
          6.694334608682563e-18,
          0.0013547520000000012,
          0.005419008000000005,
          0.006289920000000006,
          8.446071366297706e-23,
          9.752376137207814e-25,
          8.570430399586529e-23,
          0.0004515840000000004,
          1.5072899183440078e-22,
          1.9465931117146536e-22,
          0.0071285760000000045,
          -5.403043193064457e-23,
          0.0018063360000000017,
          0.006709248000000008,
          -4.651506060643694e-25,
          -1.0894004707425666e-24,
          -3.4501915310371426e-23,
          0.000904118000000001,
          0.007547904000000009,
          1.6018229333310547e-23,
          0.0027095040000000023,
          0.008386560000000008,
          0.004515840000000003
        ],
        [
          0.04906137600000002,
          4.5107239648518727e-17,
          0.01132185600000001,
          0.04528742400000004,
          0.052565760000000045,
          2.666249438792138e-22,
          -3.0410080755323945e-23,
          1.2568342607641122e-22,
          0.0037739520000000036,
          -6.474780062162209e-24,
          -4.055380454130925e-24,
          0.05957452800000003,
          2.791978035578667e-23,
          0.015095808000000014,
          0.056070144000000065,
          3.4439840231788803e-23,
          2.2173740643886573e-23,
          4.082578141661142e-24,
          0.007547904000000008,
          0.06307986200000007,
          -1.8839834122344847e-23,
          0.02264371200000002,
          0.07008768000000007,
          0.037739520000000026
        ],
        [
          -9.242468668561432e-27,
          4.0106837404655464e-24,
          5.455051603559644e-23,
          1.2866005970688185e-23,
          5.3937675849939e-23,
          1.5377765948271849e-22,
          -3.790663707929688e-22,
          8.038341878057524e-23,
          1.7071101298259793e-23,
          -1.579219223122718e-22,
          7.67962892447878e-23,
          -4.179261008240781e-24,
          -1.9937084286510518e-22,
          1.9203535697240454e-23,
          -2.0070580203670606e-23,
          2.292593640392942e-22,
          1.1319351746728357e-23,
          1.1713676651332541e-22,
          1.5855646172671615e-23,
          -1.894653998269726e-23,
          9.499999999999995e-07,
          -3.405672124459285e-23,
          -2.0482027762493017e-23,
          7.540372507916474e-24
        ],
        [
          0.017611776000000003,
          1.5388378215070626e-17,
          0.004064256000000002,
          0.01625702400000001,
          0.01886976000000001,
          -9.798253132877453e-23,
          -1.8305747593181822e-23,
          7.853019346673839e-23,
          0.0013547520000000012,
          5.047616048517811e-23,
          3.6893447240800587e-23,
          0.021385728000000007,
          1.451563056213967e-23,
          0.005419008000000005,
          0.020127744000000017,
          -6.502079412989556e-24,
          4.307542077418346e-23,
          -1.7739335601927996e-23,
          0.0027095040000000028,
          0.02264371200000002,
          -3.3977689410286494e-23,
          0.008129462000000004,
          0.02515968000000002,
          0.013547520000000007
        ],
        [
          0.05451264000000001,
          6.181572902548517e-17,
          0.01257984000000001,
          0.05031936000000004,
          0.058406400000000046,
          8.152342720236848e-23,
          7.512401578199975e-23,
          2.0115572481502305e-23,
          0.004193280000000003,
          2.5743341489902837e-23,
          2.5306105995121906e-23,
          0.06619392000000004,
          6.263733918961065e-24,
          0.016773120000000013,
          0.06230016000000008,
          -3.8611523957622146e-24,
          7.338514441556974e-24,
          -1.2430329467045642e-23,
          0.008386560000000008,
          0.07008768000000007,
          -2.048323324651577e-23,
          0.02515968000000002,
          0.07787615000000007,
          0.04193280000000003
        ],
        [
          0.029352960000000004,
          1.5719593443508272e-17,
          0.006773760000000003,
          0.02709504000000001,
          0.031449600000000015,
          2.789188704568861e-22,
          2.3786705556914918e-23,
          -1.3870724016279083e-22,
          0.002257920000000001,
          5.089640760460595e-23,
          -3.675429450348261e-23,
          0.03564288,
          -2.5432652747416658e-23,
          0.009031680000000004,
          0.033546240000000026,
          -2.4145315244693516e-23,
          -1.411158756541705e-23,
          -8.450954397082563e-25,
          0.004515840000000003,
          0.037739520000000026,
          7.54380199837551e-24,
          0.013547520000000006,
          0.04193280000000003,
          0.022580150000000007
        ]
      ],
      "strength": 0.42,
      "confidence": 0.78,
      "support": 1,
      "decay": 0.05
    },
    "lineage": {
      "dimension": "UNDERSTANDING_BELIEF",
      "source": "understanding.belief_buffer",
      "generated_at": "<dynamic>",
      "inputs": {
        "sensory_lineage": {
          "dimension": "SENSORY_FUSION",
          "source": "tests.sensory.synthetic",
          "generated_at": "<dynamic>",
          "inputs": {
            "symbol": "EURUSD",
            "sequence": 1
          },
          "outputs": {
            "strength": 0.42,
            "confidence": 0.78
          },
          "telemetry": {},
          "metadata": {}
        }
      },
      "outputs": {
        "posterior_strength": 0.42,
        "posterior_confidence": 0.78,
        "volatility_sample": 0.10500000000000001,
        "volatility": 0.10500000000000001,
        "covariance_condition": 420020.2000454825,
        "covariance_trace": 0.3990410400000003
      },
      "telemetry": {},
      "metadata": {
        "symbol": "EURUSD",
        "feature_order": [
          "ANOMALY_confidence",
          "ANOMALY_flag",
          "ANOMALY_signal",
          "ANOMALY_z_score",
          "HOW_confidence",
          "HOW_imbalance",
          "HOW_liquidity",
          "HOW_participation",
          "HOW_signal",
          "HOW_volatility",
          "HOW_volatility_drag",
          "WHAT_confidence",
          "WHAT_last_close",
          "WHAT_signal",
          "WHEN_confidence",
          "WHEN_gamma",
          "WHEN_news",
          "WHEN_session",
          "WHEN_signal",
          "WHY_confidence",
          "WHY_narrative_sentiment",
          "WHY_signal",
          "integrated_confidence",
          "integrated_strength"
        ],
        "regime_hint": "balanced"
      }
    },
    "metadata": {
      "learning_rate": 0.2,
      "decay": 0.05,
      "regime_hint": "balanced",
      "observation": {
        "integrated_strength": 0.42,
        "integrated_confidence": 0.78,
        "WHY_signal": 0.252,
        "WHY_confidence": 0.7020000000000001,
        "WHY_narrative_sentiment": 0.0,
        "WHAT_signal": 0.168,
        "WHAT_confidence": 0.663,
        "WHAT_last_close": 0.0,
        "WHEN_signal": 0.084,
        "WHEN_confidence": 0.6240000000000001,
        "WHEN_session": 0.0,
        "WHEN_news": 0.0,
        "WHEN_gamma": 0.0,
        "HOW_signal": 0.042,
        "HOW_confidence": 0.585,
        "HOW_liquidity": 0.0,
        "HOW_participation": 0.0,
        "HOW_imbalance": 0.0,
        "HOW_volatility_drag": 0.0,
        "HOW_volatility": 0.0,
        "ANOMALY_signal": 0.126,
        "ANOMALY_confidence": 0.5459999999999999,
        "ANOMALY_flag": 0.0,
        "ANOMALY_z_score": 0.504
      },
      "volatility_sample": 0.10500000000000001,
      "volatility": 0.10500000000000001,
      "covariance_trace": 0.3990410400000003,
      "covariance_max_eigenvalue": 0.39901919000000013,
      "covariance_min_eigenvalue": 9.499999998971282e-07,
      "covariance_condition": 420020.2000454825
    }
  }
}
